============================= test session starts =============================
platform win32 -- Python 3.14.4, pytest-9.1.0, pluggy-1.6.0 -- C:\Python314\python.exe
cachedir: .pytest_cache
rootdir: D:\codespace\testProjectPython\wxhtTest
plugins: anyio-4.13.0, rerunfailures-16.3
collecting ... collected 7 items

test_login_pytest.py::test_login_scenario[TC001_CorrectCredentials] PASSED [ 14%]
test_login_pytest.py::test_login_scenario[TC002_WrongPassword] PASSED    [ 28%]
test_login_pytest.py::test_login_scenario[TC003_NonexistentUsername] PASSED [ 42%]
test_login_pytest.py::test_login_scenario[TC004_EmptyUsername] XFAIL     [ 57%]
test_login_pytest.py::test_login_scenario[TC005_EmptyPassword] XFAIL     [ 71%]
test_login_pytest.py::test_login_scenario[TC006_AllEmpty] XFAIL (Tim...) [ 85%]
test_login_pytest.py::test_login_scenario[TC007_SpecialCharsPassword] FAILED [100%]

================================== FAILURES ===================================
_______________ test_login_scenario[TC007_SpecialCharsPassword] _______________

driver = <selenium.webdriver.chrome.webdriver.WebDriver (session="88392826c1d99699b07c4d71ceeaefb5")>
username = 'testuser3', password = '!@#$%^&*()', expected_success = False
expected_error = '用户名或密码错误'

    @pytest.mark.parametrize("username,password,expected_success,expected_error", TEST_CASES)
    def test_login_scenario(driver, username, password, expected_success, expected_error):
        """Test login with various credentials"""
>       _do_login(driver, username, password, expected_success, expected_error)

test_login_pytest.py:96: 
_ _ _ _ _ _ _ _ _ _ _ _ _ _ _ _ _ _ _ _ _ _ _ _ _ _ _ _ _ _ _ _ _ _ _ _ _ _ _ _
test_login_pytest.py:57: in _do_login
    current_url = driver.current_url
                  ^^^^^^^^^^^^^^^^^^
C:\Python314\Lib\site-packages\selenium\webdriver\remote\webdriver.py:626: in current_url
    return self.execute(Command.GET_CURRENT_URL)["value"]
           ^^^^^^^^^^^^^^^^^^^^^^^^^^^^^^^^^^^^^
C:\Python314\Lib\site-packages\selenium\webdriver\remote\webdriver.py:492: in execute
    self.error_handler.check_response(response)
_ _ _ _ _ _ _ _ _ _ _ _ _ _ _ _ _ _ _ _ _ _ _ _ _ _ _ _ _ _ _ _ _ _ _ _ _ _ _ _

self = <selenium.webdriver.remote.errorhandler.ErrorHandler object at 0x00000270A08456A0>
response = {'status': 404, 'value': '{"value":{"error":"no such window","message":"no such window: target window already closed\\...7+2b97]\\n\\tKERNEL32!BaseThreadInitThunk [0x7ffd411f7374+14]\\n\\tntdll!RtlUserThreadStart [0x7ffd415fcc91+21]\\n"}}'}

    def check_response(self, response: dict[str, Any]) -> None:
        """Check that a JSON response from the WebDriver does not have an error.
    
        Args:
            response: The JSON response from the WebDriver server as a dictionary
                object.
    
        Raises:
            WebDriverException: If the response contains an error message.
        """
        status = response.get("status", None)
        if not status or status == ErrorCode.SUCCESS:
            return
        value = None
        message = response.get("message", "")
        screen: str = response.get("screen", "")
        stacktrace = None
        if isinstance(status, int):
            value_json = response.get("value", None)
            if value_json and isinstance(value_json, str):
                try:
                    value = json.loads(value_json)
                    if isinstance(value, dict):
                        if len(value) == 1:
                            value = value["value"]
                        status = value.get("error", None)
                        if not status:
                            status = value.get("status", ErrorCode.UNKNOWN_ERROR)
                            message = value.get("value") or value.get("message")
                            if not isinstance(message, str):
                                value = message
                                message = message.get("message") if isinstance(message, dict) else None
                        else:
                            message = value.get("message", None)
                except ValueError:
                    pass
    
        exception_class: type[WebDriverException]
        e = ErrorCode()
        error_codes = [item for item in dir(e) if not item.startswith("__")]
        for error_code in error_codes:
            error_info = getattr(ErrorCode, error_code)
            if isinstance(error_info, list) and status in error_info:
                exception_class = getattr(ExceptionMapping, error_code, WebDriverException)
                break
        else:
            exception_class = WebDriverException
    
        if not value:
            value = response["value"]
        if isinstance(value, str):
            raise exception_class(value)
        if message == "" and "message" in value:
            message = value["message"]
    
        screen = None  # type: ignore[assignment]
        if "screen" in value:
            screen = value["screen"]
    
        stacktrace = None
        st_value = value.get("stackTrace") or value.get("stacktrace")
        if st_value:
            if isinstance(st_value, str):
                stacktrace = st_value.split("\n")
            else:
                stacktrace = []
                try:
                    for frame in st_value:
                        line = frame.get("lineNumber", "")
                        file = frame.get("fileName", "<anonymous>")
                        if line:
                            file = f"{file}:{line}"
                        meth = frame.get("methodName", "<anonymous>")
                        if "className" in frame:
                            meth = f"{frame['className']}.{meth}"
                        msg = "    at %s (%s)"
                        msg = msg % (meth, file)
                        stacktrace.append(msg)
                except TypeError:
                    pass
        if exception_class == UnexpectedAlertPresentException:
            alert_text = None
            if "data" in value:
                alert_text = value["data"].get("text")
            elif "alert" in value:
                alert_text = value["alert"].get("text")
            raise exception_class(message, screen, stacktrace, alert_text)
>       raise exception_class(message, screen, stacktrace)
E       selenium.common.exceptions.NoSuchWindowException: Message: no such window: target window already closed
E       from unknown error: web view not found
E         (Session info: chrome=148.0.7778.217)
E       Stacktrace:
E       	chromedriver!GetHandleVerifier [0x7ff76eb27de5+14895]
E       	chromedriver!GetHandleVerifier [0x7ff76eb27e50+14900]
E       	chromedriver!(No symbol) [0x7ff76e88d5ad]
E       	chromedriver!(No symbol) [0x7ff76e8640f2]
E       	chromedriver!(No symbol) [0x7ff76e916f56]
E       	chromedriver!(No symbol) [0x7ff76e934172]
E       	chromedriver!(No symbol) [0x7ff76e8d9df8]
E       	chromedriver!(No symbol) [0x7ff76e8dace3]
E       	chromedriver!GetHandleVerifier [0x7ff76ee3cc49+3296f9]
E       	chromedriver!GetHandleVerifier [0x7ff76ee37375+323e25]
E       	chromedriver!GetHandleVerifier [0x7ff76ee5bc82+348732]
E       	chromedriver!GetHandleVerifier [0x7ff76eb46045+32af5]
E       	chromedriver!GetHandleVerifier [0x7ff76eb4ecec+3b79c]
E       	chromedriver!GetHandleVerifier [0x7ff76eb31bc4+1e674]
E       	chromedriver!GetHandleVerifier [0x7ff76eb31d54+1e804]
E       	chromedriver!GetHandleVerifier [0x7ff76eb160e7+2b97]
E       	KERNEL32!BaseThreadInitThunk [0x7ffd411f7374+14]
E       	ntdll!RtlUserThreadStart [0x7ffd415fcc91+21]

C:\Python314\Lib\site-packages\selenium\webdriver\remote\errorhandler.py:232: NoSuchWindowException
=========================== short test summary info ===========================
FAILED test_login_pytest.py::test_login_scenario[TC007_SpecialCharsPassword]
============= 1 failed, 3 passed, 3 xfailed in 549.24s (0:09:09) ==============
